[fluxthemeitem.fluxtheme.com/index.html]
[backblue.gif]
[fade.gif]
[index.html]
[fluxthemeitem.fluxtheme.com/assets/images/favicon.png]
[fluxthemeitem.fluxtheme.com/assets/css/bootstrap.min.css]
[fluxthemeitem.fluxtheme.com/assets/css/all.min.css]
[fluxthemeitem.fluxtheme.com/assets/css/animate.css]
[fluxthemeitem.fluxtheme.com/assets/css/custom-select.css]
[fluxthemeitem.fluxtheme.com/assets/css/lightcase.css]
[unpkg.com/swiper/swiper-bundle.min.7.delayed]
[unpkg.com/swiper@8.0.7/swiper-bundle.min.css]
[fluxthemeitem.fluxtheme.com/assets/css/style.css]
[fluxthemeitem.fluxtheme.com/product-detail.html]
[fluxthemeitem.fluxtheme.com/assets/images/cart/06.png]
[fluxthemeitem.fluxtheme.com/assets/images/cart/07.png]
[fluxthemeitem.fluxtheme.com/assets/images/cart/08.png]
[fluxthemeitem.fluxtheme.com/checkout.html]
[fluxthemeitem.fluxtheme.com/assets/images/logo-white.png]
[fluxthemeitem.fluxtheme.com/assets/images/logo.png]
[fluxthemeitem.fluxtheme.com/product-leftsidebar.html]
[fluxthemeitem.fluxtheme.com/index-search.html]
[fluxthemeitem.fluxtheme.com/index2.html]
[fluxthemeitem.fluxtheme.com/product.html]
[fluxthemeitem.fluxtheme.com/about.html]
[fluxthemeitem.fluxtheme.com/contact.html]
[fluxthemeitem.fluxtheme.com/cart.html]
[fluxthemeitem.fluxtheme.com/term-condition.html]
[fluxthemeitem.fluxtheme.com/blog.html]
[fluxthemeitem.fluxtheme.com/login.html]
[fluxthemeitem.fluxtheme.com/assets/images/dot-shape.png]
[fluxthemeitem.fluxtheme.com/assets/images/flux.png]
[fluxthemeitem.fluxtheme.com/assets/images/banner/screenshot/01.png]
[fluxthemeitem.fluxtheme.com/assets/images/banner/screenshot/02.png]
[fluxthemeitem.fluxtheme.com/assets/images/banner/screenshot/03.png]
[fluxthemeitem.fluxtheme.com/assets/images/banner/screenshot/04.png]
[fluxthemeitem.fluxtheme.com/assets/images/feature/icon1.png]
[fluxthemeitem.fluxtheme.com/assets/images/feature/icon2.png]
[fluxthemeitem.fluxtheme.com/assets/images/feature/icon3.png]
[fluxthemeitem.fluxtheme.com/assets/images/product/01.jpg]
[fluxthemeitem.fluxtheme.com/assets/images/product/02.jpg]
[fluxthemeitem.fluxtheme.com/assets/images/product/03.jpg]
[fluxthemeitem.fluxtheme.com/assets/images/product/04.jpg]
[fluxthemeitem.fluxtheme.com/assets/images/product/05.jpg]
[fluxthemeitem.fluxtheme.com/assets/images/product/06.jpg]
[fluxthemeitem.fluxtheme.com/assets/images/footer-logo.png]
[fluxthemeitem.fluxtheme.com/single.html]
[fluxthemeitem.fluxtheme.com/assets/images/blog/small/01.jpg]
[fluxthemeitem.fluxtheme.com/assets/images/blog/small/02.jpg]
[fluxthemeitem.fluxtheme.com/assets/js/jquery.min.js]
[fluxthemeitem.fluxtheme.com/assets/js/bootstrap.bundle.min.js]
[unpkg.com/swiper/swiper-bundle.min.30.delayed]
[unpkg.com/swiper@8.0.7/swiper-bundle.min.js]
[fluxthemeitem.fluxtheme.com/assets/js/theia-sticky-sidebar.js]
[fluxthemeitem.fluxtheme.com/assets/js/waypoints.min.js]
[fluxthemeitem.fluxtheme.com/assets/js/counterup.min.js]
[fluxthemeitem.fluxtheme.com/assets/js/custom-select.js]
[fluxthemeitem.fluxtheme.com/assets/js/lightcase.js]
[fluxthemeitem.fluxtheme.com/assets/js/functions.js]
[fluxthemeitem.fluxtheme.com/index.html]
[fluxthemeitem.fluxtheme.com/assets/css/bootstrap.min.css]
[fluxthemeitem.fluxtheme.com/assets/webfonts/fa-brands-400.eot]
[fluxthemeitem.fluxtheme.com/assets/webfonts/fa-brands-400d41d.eot]
[fluxthemeitem.fluxtheme.com/assets/webfonts/fa-brands-400.woff2]
[fluxthemeitem.fluxtheme.com/assets/webfonts/fa-brands-400.woff]
[fluxthemeitem.fluxtheme.com/assets/webfonts/fa-brands-400.ttf]
[fluxthemeitem.fluxtheme.com/assets/webfonts/fa-regular-400.eot]
[fluxthemeitem.fluxtheme.com/assets/webfonts/fa-brands-400.svg]
[fluxthemeitem.fluxtheme.com/assets/webfonts/fa-regular-400d41d.eot]
[fluxthemeitem.fluxtheme.com/assets/webfonts/fa-regular-400.woff2]
[fluxthemeitem.fluxtheme.com/assets/webfonts/fa-regular-400.woff]
[fluxthemeitem.fluxtheme.com/assets/webfonts/fa-regular-400.ttf]
[fluxthemeitem.fluxtheme.com/assets/webfonts/fa-solid-900.eot]
[fluxthemeitem.fluxtheme.com/assets/webfonts/fa-regular-400.svg]
[fluxthemeitem.fluxtheme.com/assets/webfonts/fa-solid-900d41d.eot]
[fluxthemeitem.fluxtheme.com/assets/webfonts/fa-solid-900.woff2]
[fluxthemeitem.fluxtheme.com/assets/webfonts/fa-solid-900.woff]
[fluxthemeitem.fluxtheme.com/assets/webfonts/fa-solid-900.ttf]
[fluxthemeitem.fluxtheme.com/assets/css/all.min.css]
[fluxthemeitem.fluxtheme.com/assets/css/animate.css]
[fluxthemeitem.fluxtheme.com/assets/css/custom-select.css]
[fluxthemeitem.fluxtheme.com/assets/fonts/lightcaseeead.eot]
[fluxthemeitem.fluxtheme.com/assets/fonts/lightcaseeead.woff]
[fluxthemeitem.fluxtheme.com/assets/fonts/lightcaseeead.ttf]
[fluxthemeitem.fluxtheme.com/assets/fonts/lightcaseeead.svg]
[fluxthemeitem.fluxtheme.com/assets/css/lightcase.css]
[unpkg.com/swiper@8.0.7/swiper-bundle.min.css]
[fluxthemeitem.fluxtheme.com/assets/webfonts/fa-solid-900.svg]
[fluxthemeitem.fluxtheme.com/assets/images/page-header.jpg]
[fluxthemeitem.fluxtheme.com/assets/images/newsletter/bg.png]
[fluxthemeitem.fluxtheme.com/assets/css/style.css]
[fluxthemeitem.fluxtheme.com/assets/images/banner/slider/04.png]
[fluxthemeitem.fluxtheme.com/assets/images/blog/01.png]
[fluxthemeitem.fluxtheme.com/assets/images/review/01.jpg]
[fluxthemeitem.fluxtheme.com/assets/images/Thumbnail_html_80x80.png]
[fluxthemeitem.fluxtheme.com/product-detail.html]
[fluxthemeitem.fluxtheme.com/checkout.html]
[fluxthemeitem.fluxtheme.com/assets/images/product/01.png]
[fluxthemeitem.fluxtheme.com/assets/images/product/02.png]
[fluxthemeitem.fluxtheme.com/assets/images/product/09.png]
[fluxthemeitem.fluxtheme.com/assets/images/product/04.png]
[fluxthemeitem.fluxtheme.com/assets/images/product/05.png]
[fluxthemeitem.fluxtheme.com/assets/images/product/06.png]
[fluxthemeitem.fluxtheme.com/assets/images/product/07.png]
[fluxthemeitem.fluxtheme.com/assets/images/product/08.png]
[fluxthemeitem.fluxtheme.com/product-leftsidebar.html]
[fluxthemeitem.fluxtheme.com/index-search.html]
[fluxthemeitem.fluxtheme.com/assets/js/price-range.js]
[fluxthemeitem.fluxtheme.com/assets/images/banner/mockup.png]
[fluxthemeitem.fluxtheme.com/index2.html]
[fluxthemeitem.fluxtheme.com/product.html]
[fluxthemeitem.fluxtheme.com/assets/images/about/01.jpg]
[fluxthemeitem.fluxtheme.com/about.html]
[fluxthemeitem.fluxtheme.com/contact.html]
[fluxthemeitem.fluxtheme.com/assets/images/cart/01.png]
[fluxthemeitem.fluxtheme.com/cart.html]
[fluxthemeitem.fluxtheme.com/term-condition.html]
[fluxthemeitem.fluxtheme.com/assets/images/blog/02.png]
[fluxthemeitem.fluxtheme.com/assets/images/blog/03.png]
[fluxthemeitem.fluxtheme.com/assets/images/blog/04.png]
[fluxthemeitem.fluxtheme.com/assets/images/blog/small/03.jpg]
[fluxthemeitem.fluxtheme.com/blog.html]
[fluxthemeitem.fluxtheme.com/login.html]
[fluxthemeitem.fluxtheme.com/assets/images/single/01.png]
[fluxthemeitem.fluxtheme.com/assets/images/single/03.png]
[fluxthemeitem.fluxtheme.com/assets/images/comment/01.jpg]
[fluxthemeitem.fluxtheme.com/single.html]
[fluxthemeitem.fluxtheme.com/assets/webfonts/fa-brands-400.svg]
[fluxthemeitem.fluxtheme.com/assets/webfonts/fa-regular-400.svg]
[fluxthemeitem.fluxtheme.com/assets/webfonts/fa-solid-900.svg]
[fluxthemeitem.fluxtheme.com/assets/fonts/lightcaseeead.svg]
